{
    "sections": {
        "boat-list-approved" : {
            "type": "boat-list-approved",
            "settings": {}
        }
    }
}